// Jest Snapshot v1, https://goo.gl/fbAQLP

exports[`Default Answers reset 1`] = `
Array [
  Object {
    "disabled": false,
    "groups": Array [
      Object {
        "disabled": false,
        "groups": Array [],
        "id": "subGroup1",
        "questions": Array [
          Object {
            "choices": Array [],
            "currentAnswer": "subGroup1Question1Value",
            "disabled": false,
            "error": undefined,
            "id": "subGroup1Question1",
            "type": "any",
            "ui": Object {
              "title": "subGroup1Questions",
            },
            "validatedAnswer": "subGroup1Question1Value",
            "validating": false,
          },
          Object {
            "choices": Array [
              Object {
                "disabled": false,
                "id": "subGroup1Question2Choice1",
                "ui": Object {
                  "title": "subGroup1Question2Choice1",
                },
                "value": "subGroup1Question2Choice1",
              },
              Object {
                "disabled": false,
                "id": "subGroup1Question2Choice2",
                "ui": Object {
                  "title": "subGroup1Question2Choice2",
                },
                "value": "subGroup1Question2Choice2",
              },
              Object {
                "disabled": false,
                "id": "subGroup1Question2Choice3",
                "ui": Object {
                  "title": "subGroup1Question2Choice3",
                },
                "value": "subGroup1Question2Choice3",
              },
            ],
            "currentAnswer": "subGroup1Question2Choice1",
            "disabled": false,
            "error": undefined,
            "id": "subGroup1Question2",
            "type": "single",
            "ui": Object {
              "title": "subGroup1Question2",
            },
            "validatedAnswer": "subGroup1Question2Choice1",
            "validating": false,
          },
          Object {
            "choices": Array [
              Object {
                "disabled": false,
                "id": "subGroup1Question3Choice1",
                "ui": Object {
                  "title": "subGroup1Question3Choice1",
                },
                "value": "subGroup1Question3Choice1",
              },
              Object {
                "disabled": false,
                "id": "subGroup1Question3Choice2",
                "ui": Object {
                  "title": "subGroup1Question3Choice2",
                },
                "value": "subGroup1Question3Choice2",
              },
              Object {
                "disabled": false,
                "id": "subGroup1Question3Choice3",
                "ui": Object {
                  "title": "subGroup1Question3Choice3",
                },
                "value": "subGroup1Question3Choice3",
              },
            ],
            "currentAnswer": Array [
              "subGroup1Question3Choice1",
              "subGroup1Question3Choice2",
            ],
            "disabled": false,
            "error": undefined,
            "id": "subGroup1Question3",
            "type": "multiple",
            "ui": Object {
              "title": "subGroup1Question3",
            },
            "validatedAnswer": Array [
              "subGroup1Question3Choice1",
              "subGroup1Question3Choice2",
            ],
            "validating": false,
          },
          Object {
            "choices": Array [
              Object {
                "disabled": false,
                "id": "subGroup1Question4Choice1",
                "ui": Object {
                  "title": "subGroup1Question4Choice1",
                },
                "value": "subGroup1Question4Choice1",
              },
              Object {
                "disabled": false,
                "id": "subGroup1Question4Choice2",
                "ui": Object {
                  "title": "subGroup1Question4Choice2",
                },
                "value": "subGroup1Question4Choice2",
              },
              Object {
                "disabled": false,
                "id": "subGroup1Question4Choice3",
                "ui": Object {
                  "title": "subGroup1Question4Choice3",
                },
                "value": "subGroup1Question4Choice3",
              },
            ],
            "currentAnswer": Array [
              "subGroup1Question4Choice1",
              "subGroup1Question4Choice2",
            ],
            "disabled": false,
            "error": undefined,
            "id": "subGroup1Question4",
            "type": "multiple",
            "ui": Object {
              "title": "subGroup1Question3",
            },
            "validatedAnswer": Array [
              "subGroup1Question4Choice1",
              "subGroup1Question4Choice2",
            ],
            "validating": false,
          },
        ],
        "ui": Object {},
      },
    ],
    "id": "group1",
    "questions": Array [
      Object {
        "choices": Array [],
        "currentAnswer": "group1Question1Value",
        "disabled": false,
        "error": undefined,
        "id": "group1Question1",
        "type": "any",
        "ui": Object {
          "title": "group1Questions",
        },
        "validatedAnswer": "group1Question1Value",
        "validating": false,
      },
      Object {
        "choices": Array [
          Object {
            "disabled": false,
            "id": "group1Question2Choice1",
            "ui": Object {
              "title": "group1Question2Choice1",
            },
            "value": "group1Question2Choice1",
          },
          Object {
            "disabled": false,
            "id": "group1Question2Choice2",
            "ui": Object {
              "title": "group1Question2Choice2",
            },
            "value": "group1Question2Choice2",
          },
          Object {
            "disabled": false,
            "id": "group1Question2Choice3",
            "ui": Object {
              "title": "group1Question2Choice3",
            },
            "value": "group1Question2Choice3",
          },
        ],
        "currentAnswer": "group1Question2Choice1",
        "disabled": false,
        "error": undefined,
        "id": "group1Question2",
        "type": "single",
        "ui": Object {
          "title": "group1Question2",
        },
        "validatedAnswer": "group1Question2Choice1",
        "validating": false,
      },
      Object {
        "choices": Array [
          Object {
            "disabled": false,
            "id": "group1Question3Choice1",
            "ui": Object {
              "title": "group1Question3Choice1",
            },
            "value": "group1Question3Choice1",
          },
          Object {
            "disabled": false,
            "id": "group1Question3Choice2",
            "ui": Object {
              "title": "group1Question3Choice2",
            },
            "value": "group1Question3Choice2",
          },
          Object {
            "disabled": false,
            "id": "group1Question3Choice3",
            "ui": Object {
              "title": "group1Question3Choice3",
            },
            "value": "group1Question3Choice3",
          },
        ],
        "currentAnswer": Array [
          "group1Question3Choice1",
          "group1Question3Choice2",
        ],
        "disabled": false,
        "error": undefined,
        "id": "group1Question3",
        "type": "multiple",
        "ui": Object {
          "title": "group1Question3",
        },
        "validatedAnswer": Array [
          "group1Question3Choice1",
          "group1Question3Choice2",
        ],
        "validating": false,
      },
    ],
    "ui": Object {},
  },
]
`;

exports[`Default Answers reset 2`] = `Object {}`;

exports[`Default Answers reset 3`] = `
Object {
  "group1Question1": "group1Question1Value",
  "group1Question2": "group1Question2Choice1",
  "group1Question3": Array [
    "group1Question3Choice1",
    "group1Question3Choice2",
  ],
  "subGroup1Question1": "subGroup1Question1Value",
  "subGroup1Question2": "subGroup1Question2Choice1",
  "subGroup1Question3": Array [
    "subGroup1Question3Choice1",
    "subGroup1Question3Choice2",
  ],
  "subGroup1Question4": Array [
    "subGroup1Question4Choice1",
    "subGroup1Question4Choice2",
  ],
}
`;

exports[`Default Answers reset 4`] = `
Object {
  "group1Question1": "group1Question1Value",
  "group1Question2": "group1Question2Choice1",
  "group1Question3": Array [
    "group1Question3Choice1",
    "group1Question3Choice2",
  ],
  "subGroup1Question1": "subGroup1Question1Value",
  "subGroup1Question2": "subGroup1Question2Choice1",
  "subGroup1Question3": Array [
    "subGroup1Question3Choice1",
    "subGroup1Question3Choice2",
  ],
  "subGroup1Question4": Array [
    "subGroup1Question4Choice1",
    "subGroup1Question4Choice2",
  ],
}
`;

exports[`Default Answers resetAnswer 1`] = `
Array [
  Object {
    "disabled": false,
    "groups": Array [
      Object {
        "disabled": false,
        "groups": Array [],
        "id": "subGroup1",
        "questions": Array [
          Object {
            "choices": Array [],
            "currentAnswer": "subGroup1Question1Value",
            "disabled": false,
            "error": undefined,
            "id": "subGroup1Question1",
            "type": "any",
            "ui": Object {
              "title": "subGroup1Questions",
            },
            "validatedAnswer": "subGroup1Question1Value",
            "validating": false,
          },
          Object {
            "choices": Array [
              Object {
                "disabled": false,
                "id": "subGroup1Question2Choice1",
                "ui": Object {
                  "title": "subGroup1Question2Choice1",
                },
                "value": "subGroup1Question2Choice1",
              },
              Object {
                "disabled": false,
                "id": "subGroup1Question2Choice2",
                "ui": Object {
                  "title": "subGroup1Question2Choice2",
                },
                "value": "subGroup1Question2Choice2",
              },
              Object {
                "disabled": false,
                "id": "subGroup1Question2Choice3",
                "ui": Object {
                  "title": "subGroup1Question2Choice3",
                },
                "value": "subGroup1Question2Choice3",
              },
            ],
            "currentAnswer": "subGroup1Question2Choice1",
            "disabled": false,
            "error": undefined,
            "id": "subGroup1Question2",
            "type": "single",
            "ui": Object {
              "title": "subGroup1Question2",
            },
            "validatedAnswer": "subGroup1Question2Choice1",
            "validating": false,
          },
          Object {
            "choices": Array [
              Object {
                "disabled": false,
                "id": "subGroup1Question3Choice1",
                "ui": Object {
                  "title": "subGroup1Question3Choice1",
                },
                "value": "subGroup1Question3Choice1",
              },
              Object {
                "disabled": false,
                "id": "subGroup1Question3Choice2",
                "ui": Object {
                  "title": "subGroup1Question3Choice2",
                },
                "value": "subGroup1Question3Choice2",
              },
              Object {
                "disabled": false,
                "id": "subGroup1Question3Choice3",
                "ui": Object {
                  "title": "subGroup1Question3Choice3",
                },
                "value": "subGroup1Question3Choice3",
              },
            ],
            "currentAnswer": Array [
              "subGroup1Question3Choice1",
              "subGroup1Question3Choice2",
            ],
            "disabled": false,
            "error": undefined,
            "id": "subGroup1Question3",
            "type": "multiple",
            "ui": Object {
              "title": "subGroup1Question3",
            },
            "validatedAnswer": Array [
              "subGroup1Question3Choice1",
              "subGroup1Question3Choice2",
            ],
            "validating": false,
          },
          Object {
            "choices": Array [
              Object {
                "disabled": false,
                "id": "subGroup1Question4Choice1",
                "ui": Object {
                  "title": "subGroup1Question4Choice1",
                },
                "value": "subGroup1Question4Choice1",
              },
              Object {
                "disabled": false,
                "id": "subGroup1Question4Choice2",
                "ui": Object {
                  "title": "subGroup1Question4Choice2",
                },
                "value": "subGroup1Question4Choice2",
              },
              Object {
                "disabled": false,
                "id": "subGroup1Question4Choice3",
                "ui": Object {
                  "title": "subGroup1Question4Choice3",
                },
                "value": "subGroup1Question4Choice3",
              },
            ],
            "currentAnswer": Array [
              "subGroup1Question4Choice1",
              "subGroup1Question4Choice2",
            ],
            "disabled": false,
            "error": undefined,
            "id": "subGroup1Question4",
            "type": "multiple",
            "ui": Object {
              "title": "subGroup1Question3",
            },
            "validatedAnswer": Array [
              "subGroup1Question4Choice1",
              "subGroup1Question4Choice2",
            ],
            "validating": false,
          },
        ],
        "ui": Object {},
      },
    ],
    "id": "group1",
    "questions": Array [
      Object {
        "choices": Array [],
        "currentAnswer": "group1Question1Value",
        "disabled": false,
        "error": undefined,
        "id": "group1Question1",
        "type": "any",
        "ui": Object {
          "title": "group1Questions",
        },
        "validatedAnswer": "group1Question1Value",
        "validating": false,
      },
      Object {
        "choices": Array [
          Object {
            "disabled": false,
            "id": "group1Question2Choice1",
            "ui": Object {
              "title": "group1Question2Choice1",
            },
            "value": "group1Question2Choice1",
          },
          Object {
            "disabled": false,
            "id": "group1Question2Choice2",
            "ui": Object {
              "title": "group1Question2Choice2",
            },
            "value": "group1Question2Choice2",
          },
          Object {
            "disabled": false,
            "id": "group1Question2Choice3",
            "ui": Object {
              "title": "group1Question2Choice3",
            },
            "value": "group1Question2Choice3",
          },
        ],
        "currentAnswer": "group1Question2Choice1",
        "disabled": false,
        "error": undefined,
        "id": "group1Question2",
        "type": "single",
        "ui": Object {
          "title": "group1Question2",
        },
        "validatedAnswer": "group1Question2Choice1",
        "validating": false,
      },
      Object {
        "choices": Array [
          Object {
            "disabled": false,
            "id": "group1Question3Choice1",
            "ui": Object {
              "title": "group1Question3Choice1",
            },
            "value": "group1Question3Choice1",
          },
          Object {
            "disabled": false,
            "id": "group1Question3Choice2",
            "ui": Object {
              "title": "group1Question3Choice2",
            },
            "value": "group1Question3Choice2",
          },
          Object {
            "disabled": false,
            "id": "group1Question3Choice3",
            "ui": Object {
              "title": "group1Question3Choice3",
            },
            "value": "group1Question3Choice3",
          },
        ],
        "currentAnswer": Array [
          "group1Question3Choice1",
          "group1Question3Choice2",
        ],
        "disabled": false,
        "error": undefined,
        "id": "group1Question3",
        "type": "multiple",
        "ui": Object {
          "title": "group1Question3",
        },
        "validatedAnswer": Array [
          "group1Question3Choice1",
          "group1Question3Choice2",
        ],
        "validating": false,
      },
    ],
    "ui": Object {},
  },
]
`;

exports[`Default Answers resetAnswer 2`] = `Object {}`;

exports[`Default Answers resetAnswer 3`] = `
Object {
  "group1Question1": "group1Question1Value",
  "group1Question2": "group1Question2Choice1",
  "group1Question3": Array [
    "group1Question3Choice1",
    "group1Question3Choice2",
  ],
  "subGroup1Question1": "subGroup1Question1Value",
  "subGroup1Question2": "subGroup1Question2Choice1",
  "subGroup1Question3": Array [
    "subGroup1Question3Choice1",
    "subGroup1Question3Choice2",
  ],
  "subGroup1Question4": Array [
    "subGroup1Question4Choice1",
    "subGroup1Question4Choice2",
  ],
}
`;

exports[`Default Answers resetAnswer 4`] = `
Object {
  "group1Question1": "group1Question1Value",
  "group1Question2": "group1Question2Choice1",
  "group1Question3": Array [
    "group1Question3Choice1",
    "group1Question3Choice2",
  ],
  "subGroup1Question1": "subGroup1Question1Value",
  "subGroup1Question2": "subGroup1Question2Choice1",
  "subGroup1Question3": Array [
    "subGroup1Question3Choice1",
    "subGroup1Question3Choice2",
  ],
  "subGroup1Question4": Array [
    "subGroup1Question4Choice1",
    "subGroup1Question4Choice2",
  ],
}
`;

exports[`Default Answers resetGroup 1`] = `
Array [
  Object {
    "disabled": false,
    "groups": Array [
      Object {
        "disabled": false,
        "groups": Array [],
        "id": "subGroup1",
        "questions": Array [
          Object {
            "choices": Array [],
            "currentAnswer": "subGroup1Question1Value",
            "disabled": false,
            "error": undefined,
            "id": "subGroup1Question1",
            "type": "any",
            "ui": Object {
              "title": "subGroup1Questions",
            },
            "validatedAnswer": "subGroup1Question1Value",
            "validating": false,
          },
          Object {
            "choices": Array [
              Object {
                "disabled": false,
                "id": "subGroup1Question2Choice1",
                "ui": Object {
                  "title": "subGroup1Question2Choice1",
                },
                "value": "subGroup1Question2Choice1",
              },
              Object {
                "disabled": false,
                "id": "subGroup1Question2Choice2",
                "ui": Object {
                  "title": "subGroup1Question2Choice2",
                },
                "value": "subGroup1Question2Choice2",
              },
              Object {
                "disabled": false,
                "id": "subGroup1Question2Choice3",
                "ui": Object {
                  "title": "subGroup1Question2Choice3",
                },
                "value": "subGroup1Question2Choice3",
              },
            ],
            "currentAnswer": "subGroup1Question2Choice1",
            "disabled": false,
            "error": undefined,
            "id": "subGroup1Question2",
            "type": "single",
            "ui": Object {
              "title": "subGroup1Question2",
            },
            "validatedAnswer": "subGroup1Question2Choice1",
            "validating": false,
          },
          Object {
            "choices": Array [
              Object {
                "disabled": false,
                "id": "subGroup1Question3Choice1",
                "ui": Object {
                  "title": "subGroup1Question3Choice1",
                },
                "value": "subGroup1Question3Choice1",
              },
              Object {
                "disabled": false,
                "id": "subGroup1Question3Choice2",
                "ui": Object {
                  "title": "subGroup1Question3Choice2",
                },
                "value": "subGroup1Question3Choice2",
              },
              Object {
                "disabled": false,
                "id": "subGroup1Question3Choice3",
                "ui": Object {
                  "title": "subGroup1Question3Choice3",
                },
                "value": "subGroup1Question3Choice3",
              },
            ],
            "currentAnswer": Array [
              "subGroup1Question3Choice1",
              "subGroup1Question3Choice2",
            ],
            "disabled": false,
            "error": undefined,
            "id": "subGroup1Question3",
            "type": "multiple",
            "ui": Object {
              "title": "subGroup1Question3",
            },
            "validatedAnswer": Array [
              "subGroup1Question3Choice1",
              "subGroup1Question3Choice2",
            ],
            "validating": false,
          },
          Object {
            "choices": Array [
              Object {
                "disabled": false,
                "id": "subGroup1Question4Choice1",
                "ui": Object {
                  "title": "subGroup1Question4Choice1",
                },
                "value": "subGroup1Question4Choice1",
              },
              Object {
                "disabled": false,
                "id": "subGroup1Question4Choice2",
                "ui": Object {
                  "title": "subGroup1Question4Choice2",
                },
                "value": "subGroup1Question4Choice2",
              },
              Object {
                "disabled": false,
                "id": "subGroup1Question4Choice3",
                "ui": Object {
                  "title": "subGroup1Question4Choice3",
                },
                "value": "subGroup1Question4Choice3",
              },
            ],
            "currentAnswer": Array [
              "subGroup1Question4Choice1",
              "subGroup1Question4Choice2",
            ],
            "disabled": false,
            "error": undefined,
            "id": "subGroup1Question4",
            "type": "multiple",
            "ui": Object {
              "title": "subGroup1Question3",
            },
            "validatedAnswer": Array [
              "subGroup1Question4Choice1",
              "subGroup1Question4Choice2",
            ],
            "validating": false,
          },
        ],
        "ui": Object {},
      },
    ],
    "id": "group1",
    "questions": Array [
      Object {
        "choices": Array [],
        "currentAnswer": "group1Question1Value",
        "disabled": false,
        "error": undefined,
        "id": "group1Question1",
        "type": "any",
        "ui": Object {
          "title": "group1Questions",
        },
        "validatedAnswer": "group1Question1Value",
        "validating": false,
      },
      Object {
        "choices": Array [
          Object {
            "disabled": false,
            "id": "group1Question2Choice1",
            "ui": Object {
              "title": "group1Question2Choice1",
            },
            "value": "group1Question2Choice1",
          },
          Object {
            "disabled": false,
            "id": "group1Question2Choice2",
            "ui": Object {
              "title": "group1Question2Choice2",
            },
            "value": "group1Question2Choice2",
          },
          Object {
            "disabled": false,
            "id": "group1Question2Choice3",
            "ui": Object {
              "title": "group1Question2Choice3",
            },
            "value": "group1Question2Choice3",
          },
        ],
        "currentAnswer": "group1Question2Choice1",
        "disabled": false,
        "error": undefined,
        "id": "group1Question2",
        "type": "single",
        "ui": Object {
          "title": "group1Question2",
        },
        "validatedAnswer": "group1Question2Choice1",
        "validating": false,
      },
      Object {
        "choices": Array [
          Object {
            "disabled": false,
            "id": "group1Question3Choice1",
            "ui": Object {
              "title": "group1Question3Choice1",
            },
            "value": "group1Question3Choice1",
          },
          Object {
            "disabled": false,
            "id": "group1Question3Choice2",
            "ui": Object {
              "title": "group1Question3Choice2",
            },
            "value": "group1Question3Choice2",
          },
          Object {
            "disabled": false,
            "id": "group1Question3Choice3",
            "ui": Object {
              "title": "group1Question3Choice3",
            },
            "value": "group1Question3Choice3",
          },
        ],
        "currentAnswer": Array [
          "group1Question3Choice1",
          "group1Question3Choice2",
        ],
        "disabled": false,
        "error": undefined,
        "id": "group1Question3",
        "type": "multiple",
        "ui": Object {
          "title": "group1Question3",
        },
        "validatedAnswer": Array [
          "group1Question3Choice1",
          "group1Question3Choice2",
        ],
        "validating": false,
      },
    ],
    "ui": Object {},
  },
]
`;

exports[`Default Answers resetGroup 2`] = `Object {}`;

exports[`Default Answers resetGroup 3`] = `
Object {
  "group1Question1": "group1Question1Value",
  "group1Question2": "group1Question2Choice1",
  "group1Question3": Array [
    "group1Question3Choice1",
    "group1Question3Choice2",
  ],
  "subGroup1Question1": "subGroup1Question1Value",
  "subGroup1Question2": "subGroup1Question2Choice1",
  "subGroup1Question3": Array [
    "subGroup1Question3Choice1",
    "subGroup1Question3Choice2",
  ],
  "subGroup1Question4": Array [
    "subGroup1Question4Choice1",
    "subGroup1Question4Choice2",
  ],
}
`;

exports[`Default Answers resetGroup 4`] = `
Object {
  "group1Question1": "group1Question1Value",
  "group1Question2": "group1Question2Choice1",
  "group1Question3": Array [
    "group1Question3Choice1",
    "group1Question3Choice2",
  ],
  "subGroup1Question1": "subGroup1Question1Value",
  "subGroup1Question2": "subGroup1Question2Choice1",
  "subGroup1Question3": Array [
    "subGroup1Question3Choice1",
    "subGroup1Question3Choice2",
  ],
  "subGroup1Question4": Array [
    "subGroup1Question4Choice1",
    "subGroup1Question4Choice2",
  ],
}
`;
